// Jest Snapshot v1, https://goo.gl/fbAQLP

exports[`InfoPanel renders correctly 1`] = `
<t
  lg={null}
  md="12"
  sm={null}
  tag="div"
  xl={null}
  xs={null}
>
  <t
    tag="div"
  >
    <t
      tag="div"
    >
      <t
        tag="div"
      >
        <t
          className="morning"
          lg={null}
          md={null}
          sm={3}
          tag="div"
          xl={null}
          xs={null}
        >
            
          <img
            alt=""
            src="unknow.png"
          />
        </t>
        <t
          className="afternoon"
          lg={null}
          md={null}
          sm={3}
          tag="div"
          xl={null}
          xs={null}
        >
            
          <img
            alt=""
            src="unknow.png"
          />
        </t>
        <t
          className="evening"
          lg={null}
          md={null}
          sm={3}
          tag="div"
          xl={null}
          xs={null}
        >
            
          <img
            alt=""
            src="unknow.png"
          />
        </t>
        <t
          lg={null}
          md={null}
          sm={3}
          tag="div"
          xl={null}
          xs={null}
        >
          <t
            className="rounded"
            color="danger"
            onClick={[Function]}
            size="sm"
            tag="button"
          >
            <i
              className="fa fa-trash"
            />
          </t>
        </t>
      </t>
    </t>
  </t>
</t>
`;
